Wed May 27 14:04:55 ICT 2026 - Them cong viec ID 2
Wed May 27 14:05:22 ICT 2026 - Them cong viec ID 1
Wed May 27 14:05:31 ICT 2026 - Them cong viec ID 3
Wed May 27 14:06:36 ICT 2026 - Them cong viec ID 4
Wed May 27 14:08:16 ICT 2026 - Cap nhat cong viec ID 1
Wed May 27 14:08:52 ICT 2026 - Da luu 4 cong viec vao file.
Thu May 28 20:48:00 ICT 2026 - Da doc 4 cong viec tu file.
Thu May 28 20:50:40 ICT 2026 - Da luu 4 cong viec vao file.
Thu May 28 20:50:43 ICT 2026 - Da doc 4 cong viec tu file.
Thu May 28 20:55:03 ICT 2026 - Da luu 4 cong viec vao file.
Thu May 28 20:59:40 ICT 2026 - Da doc 4 cong viec tu file.
Thu May 28 21:00:00 ICT 2026 - Da luu 4 cong viec vao file.
Thu May 28 21:01:07 ICT 2026 - Da doc 4 cong viec tu file.
Thu May 28 21:01:44 ICT 2026 - Da luu 4 cong viec vao file.
Thu May 28 21:02:33 ICT 2026 - Da doc 4 cong viec tu file.
Thu May 28 21:04:09 ICT 2026 - Da luu 4 cong viec vao file.
Thu May 28 21:16:57 ICT 2026 - Da doc 4 cong viec tu file.
Thu May 28 21:42:40 ICT 2026 - Da doc 4 cong viec tu file.
Thu May 28 21:44:03 ICT 2026 - Them cong viec ID 5
Thu May 28 21:44:18 ICT 2026 - Da luu 5 cong viec vao file.
Thu May 28 21:53:18 ICT 2026 - Da doc 5 cong viec tu file.
Thu May 28 21:53:38 ICT 2026 - Sap xep cong viec theo thoi gian.
Thu May 28 21:54:25 ICT 2026 - Da luu 5 cong viec vao file.
Thu May 28 21:56:19 ICT 2026 - Da doc 5 cong viec tu file.
Thu May 28 21:57:15 ICT 2026 - Cap nhat cong viec ID 1
Thu May 28 21:58:32 ICT 2026 - Sap xep cong viec theo thoi gian.
Thu May 28 21:58:41 ICT 2026 - Da luu 5 cong viec vao file.
Fri May 29 12:06:50 ICT 2026 - Da doc 5 cong viec tu file.
Fri May 29 12:08:28 ICT 2026 - Them cong viec ID 6
Fri May 29 12:09:32 ICT 2026 - Da luu 6 cong viec vao file.
Fri May 29 14:13:51 ICT 2026 - Da doc 5 cong viec tu file.
Fri May 29 14:14:42 ICT 2026 - Them cong viec ID 7
Fri May 29 14:15:40 ICT 2026 - Da luu 6 cong viec vao file.
Fri May 29 14:15:43 ICT 2026 - Da doc 6 cong viec tu file.
Fri May 29 14:19:55 ICT 2026 - Cap nhat cong v?ec ID 7
Fri May 29 14:21:41 ICT 2026 - Xoa cong viec ID 1
Fri May 29 14:22:11 ICT 2026 - Da luu 5 cong viec vao file.
